Archive member included to satisfy reference by file (symbol)

/usr/lib/libc_nonshared.a(elf-init.oS)
                              /usr/lib/gcc/x86_64-pc-linux-gnu/11.1.0/../../../../lib/Scrt1.o (__libc_csu_init)

Merging program properties

Removed property 0xc0000002 to merge /usr/lib/gcc/x86_64-pc-linux-gnu/11.1.0/../../../../lib/Scrt1.o (0x3) and obj/test.o (not found)
Removed property 0xc0000002 to merge /usr/lib/gcc/x86_64-pc-linux-gnu/11.1.0/../../../../lib/Scrt1.o (not found) and /usr/lib/libc_nonshared.a(elf-init.oS) (0x3)
Removed property 0xc0000002 to merge /usr/lib/gcc/x86_64-pc-linux-gnu/11.1.0/../../../../lib/Scrt1.o (not found) and /usr/lib/gcc/x86_64-pc-linux-gnu/11.1.0/crtendS.o (0x3)
Removed property 0xc0000002 to merge /usr/lib/gcc/x86_64-pc-linux-gnu/11.1.0/../../../../lib/Scrt1.o (not found) and /usr/lib/gcc/x86_64-pc-linux-gnu/11.1.0/../../../../lib/crtn.o (0x3)

Discarded input sections

 .note.GNU-stack
                0x0000000000000000        0x0 /usr/lib/gcc/x86_64-pc-linux-gnu/11.1.0/../../../../lib/Scrt1.o
 .note.gnu.property
                0x0000000000000000       0x50 /usr/lib/gcc/x86_64-pc-linux-gnu/11.1.0/../../../../lib/crti.o
 .note.GNU-stack
                0x0000000000000000        0x0 /usr/lib/gcc/x86_64-pc-linux-gnu/11.1.0/../../../../lib/crti.o
 .note.GNU-stack
                0x0000000000000000        0x0 /usr/lib/gcc/x86_64-pc-linux-gnu/11.1.0/crtbeginS.o
 .note.gnu.property
                0x0000000000000000       0x50 /usr/lib/gcc/x86_64-pc-linux-gnu/11.1.0/crtbeginS.o
 .group         0x0000000000000000        0xc obj/test.o
 .group         0x0000000000000000        0x8 obj/test.o
 .group         0x0000000000000000        0xc obj/test.o
 .group         0x0000000000000000        0xc obj/test.o
 .group         0x0000000000000000        0xc obj/test.o
 .group         0x0000000000000000        0xc obj/test.o
 .group         0x0000000000000000        0xc obj/test.o
 .group         0x0000000000000000        0xc obj/test.o
 .group         0x0000000000000000        0xc obj/test.o
 .group         0x0000000000000000        0x8 obj/test.o
 .group         0x0000000000000000        0x8 obj/test.o
 .group         0x0000000000000000        0x8 obj/test.o
 .group         0x0000000000000000        0xc obj/test.o
 .note.GNU-stack
                0x0000000000000000        0x0 obj/test.o
 .note.gnu.property
                0x0000000000000000       0x30 obj/test.o
 .note.GNU-stack
                0x0000000000000000        0x0 obj/stringSwap.o
 .note.gnu.property
                0x0000000000000000       0x30 obj/stringSwap.o
 .note.GNU-stack
                0x0000000000000000        0x0 /usr/lib/libc_nonshared.a(elf-init.oS)
 .note.gnu.property
                0x0000000000000000       0x50 /usr/lib/libc_nonshared.a(elf-init.oS)
 .note.GNU-stack
                0x0000000000000000        0x0 /usr/lib/gcc/x86_64-pc-linux-gnu/11.1.0/crtendS.o
 .note.gnu.property
                0x0000000000000000       0x50 /usr/lib/gcc/x86_64-pc-linux-gnu/11.1.0/crtendS.o
 .note.gnu.property
                0x0000000000000000       0x50 /usr/lib/gcc/x86_64-pc-linux-gnu/11.1.0/../../../../lib/crtn.o
 .note.GNU-stack
                0x0000000000000000        0x0 /usr/lib/gcc/x86_64-pc-linux-gnu/11.1.0/../../../../lib/crtn.o

Memory Configuration

Name             Origin             Length             Attributes
*default*        0x0000000000000000 0xffffffffffffffff

Linker script and memory map

LOAD /usr/lib/gcc/x86_64-pc-linux-gnu/11.1.0/../../../../lib/Scrt1.o
LOAD /usr/lib/gcc/x86_64-pc-linux-gnu/11.1.0/../../../../lib/crti.o
LOAD /usr/lib/gcc/x86_64-pc-linux-gnu/11.1.0/crtbeginS.o
LOAD obj/test.o
LOAD obj/stringSwap.o
LOAD /usr/lib/gcc/x86_64-pc-linux-gnu/11.1.0/../../../../lib/libstdc++.so
LOAD /usr/lib/gcc/x86_64-pc-linux-gnu/11.1.0/../../../../lib/libm.so
START GROUP
LOAD /usr/lib/libm.so.6
LOAD /usr/lib/libmvec.so.1
END GROUP
LOAD /usr/lib/gcc/x86_64-pc-linux-gnu/11.1.0/../../../../lib/libgcc_s.so
START GROUP
LOAD /usr/lib/gcc/x86_64-pc-linux-gnu/11.1.0/../../../../lib/libgcc_s.so.1
LOAD /usr/lib/gcc/x86_64-pc-linux-gnu/11.1.0/libgcc.a
END GROUP
LOAD /usr/lib/gcc/x86_64-pc-linux-gnu/11.1.0/libgcc.a
LOAD /usr/lib/gcc/x86_64-pc-linux-gnu/11.1.0/../../../../lib/libc.so
START GROUP
LOAD /usr/lib/libc.so.6
LOAD /usr/lib/libc_nonshared.a
LOAD /usr/lib/ld-linux-x86-64.so.2
END GROUP
LOAD /usr/lib/gcc/x86_64-pc-linux-gnu/11.1.0/../../../../lib/libgcc_s.so
START GROUP
LOAD /usr/lib/gcc/x86_64-pc-linux-gnu/11.1.0/../../../../lib/libgcc_s.so.1
LOAD /usr/lib/gcc/x86_64-pc-linux-gnu/11.1.0/libgcc.a
END GROUP
LOAD /usr/lib/gcc/x86_64-pc-linux-gnu/11.1.0/libgcc.a
LOAD /usr/lib/gcc/x86_64-pc-linux-gnu/11.1.0/crtendS.o
LOAD /usr/lib/gcc/x86_64-pc-linux-gnu/11.1.0/../../../../lib/crtn.o
                [!provide]                        PROVIDE (__executable_start = SEGMENT_START ("text-segment", 0x0))
                0x0000000000000318                . = (SEGMENT_START ("text-segment", 0x0) + SIZEOF_HEADERS)

.interp         0x0000000000000318       0x1c
 *(.interp)
 .interp        0x0000000000000318       0x1c /usr/lib/gcc/x86_64-pc-linux-gnu/11.1.0/../../../../lib/Scrt1.o

.note.gnu.property
                0x0000000000000338       0x40
 .note.gnu.property
                0x0000000000000338       0x40 /usr/lib/gcc/x86_64-pc-linux-gnu/11.1.0/../../../../lib/Scrt1.o

.note.gnu.build-id
                0x0000000000000378       0x24
 *(.note.gnu.build-id)
 .note.gnu.build-id
                0x0000000000000378       0x24 /usr/lib/gcc/x86_64-pc-linux-gnu/11.1.0/../../../../lib/Scrt1.o

.note.ABI-tag   0x000000000000039c       0x20
 .note.ABI-tag  0x000000000000039c       0x20 /usr/lib/gcc/x86_64-pc-linux-gnu/11.1.0/../../../../lib/Scrt1.o

.hash
 *(.hash)

.gnu.hash       0x00000000000003c0       0x28
 *(.gnu.hash)
 .gnu.hash      0x00000000000003c0       0x28 /usr/lib/gcc/x86_64-pc-linux-gnu/11.1.0/../../../../lib/Scrt1.o

.dynsym         0x00000000000003e8      0x3c0
 *(.dynsym)
 .dynsym        0x00000000000003e8      0x3c0 /usr/lib/gcc/x86_64-pc-linux-gnu/11.1.0/../../../../lib/Scrt1.o

.dynstr         0x00000000000007a8      0x6cb
 *(.dynstr)
 .dynstr        0x00000000000007a8      0x6cb /usr/lib/gcc/x86_64-pc-linux-gnu/11.1.0/../../../../lib/Scrt1.o

.gnu.version    0x0000000000000e74       0x50
 *(.gnu.version)
 .gnu.version   0x0000000000000e74       0x50 /usr/lib/gcc/x86_64-pc-linux-gnu/11.1.0/../../../../lib/Scrt1.o

.gnu.version_d  0x0000000000000ec8        0x0
 *(.gnu.version_d)
 .gnu.version_d
                0x0000000000000ec8        0x0 /usr/lib/gcc/x86_64-pc-linux-gnu/11.1.0/../../../../lib/Scrt1.o

.gnu.version_r  0x0000000000000ec8       0x90
 *(.gnu.version_r)
 .gnu.version_r
                0x0000000000000ec8       0x90 /usr/lib/gcc/x86_64-pc-linux-gnu/11.1.0/../../../../lib/Scrt1.o

.rela.dyn       0x0000000000000f58      0x150
 *(.rela.init)
 *(.rela.text .rela.text.* .rela.gnu.linkonce.t.*)
 .rela.text     0x0000000000000f58        0x0 /usr/lib/gcc/x86_64-pc-linux-gnu/11.1.0/../../../../lib/Scrt1.o
 *(.rela.fini)
 *(.rela.rodata .rela.rodata.* .rela.gnu.linkonce.r.*)
 *(.rela.data .rela.data.* .rela.gnu.linkonce.d.*)
 .rela.data.rel.ro
                0x0000000000000f58        0x0 /usr/lib/gcc/x86_64-pc-linux-gnu/11.1.0/../../../../lib/Scrt1.o
 .rela.data.rel.local
                0x0000000000000f58       0x18 /usr/lib/gcc/x86_64-pc-linux-gnu/11.1.0/../../../../lib/Scrt1.o
 .rela.data.rel.local.DW.ref.__gxx_personality_v0
                0x0000000000000f70       0x18 /usr/lib/gcc/x86_64-pc-linux-gnu/11.1.0/../../../../lib/Scrt1.o
 *(.rela.tdata .rela.tdata.* .rela.gnu.linkonce.td.*)
 *(.rela.tbss .rela.tbss.* .rela.gnu.linkonce.tb.*)
 *(.rela.ctors)
 *(.rela.dtors)
 *(.rela.got)
 .rela.got      0x0000000000000f88       0xa8 /usr/lib/gcc/x86_64-pc-linux-gnu/11.1.0/../../../../lib/Scrt1.o
 *(.rela.bss .rela.bss.* .rela.gnu.linkonce.b.*)
 .rela.bss      0x0000000000001030       0x18 /usr/lib/gcc/x86_64-pc-linux-gnu/11.1.0/../../../../lib/Scrt1.o
 *(.rela.ldata .rela.ldata.* .rela.gnu.linkonce.l.*)
 *(.rela.lbss .rela.lbss.* .rela.gnu.linkonce.lb.*)
 *(.rela.lrodata .rela.lrodata.* .rela.gnu.linkonce.lr.*)
 *(.rela.ifunc)
 .rela.ifunc    0x0000000000001048        0x0 /usr/lib/gcc/x86_64-pc-linux-gnu/11.1.0/../../../../lib/Scrt1.o
 .rela.fini_array
                0x0000000000001048       0x18 /usr/lib/gcc/x86_64-pc-linux-gnu/11.1.0/../../../../lib/Scrt1.o
 .rela.init_array
                0x0000000000001060       0x48 /usr/lib/gcc/x86_64-pc-linux-gnu/11.1.0/../../../../lib/Scrt1.o
 .rela.eh_frame
                0x00000000000010a8        0x0 /usr/lib/gcc/x86_64-pc-linux-gnu/11.1.0/../../../../lib/Scrt1.o

.rela.plt       0x00000000000010a8      0x2b8
 *(.rela.plt)
 .rela.plt      0x00000000000010a8      0x2b8 /usr/lib/gcc/x86_64-pc-linux-gnu/11.1.0/../../../../lib/Scrt1.o
 *(.rela.iplt)
                0x0000000000002000                . = ALIGN (CONSTANT (MAXPAGESIZE))

.init           0x0000000000002000       0x1b
 *(SORT_NONE(.init))
 .init          0x0000000000002000       0x16 /usr/lib/gcc/x86_64-pc-linux-gnu/11.1.0/../../../../lib/crti.o
                0x0000000000002000                _init
 .init          0x0000000000002016        0x5 /usr/lib/gcc/x86_64-pc-linux-gnu/11.1.0/../../../../lib/crtn.o

.plt            0x0000000000002020      0x1e0
 *(.plt)
 .plt           0x0000000000002020      0x1e0 /usr/lib/gcc/x86_64-pc-linux-gnu/11.1.0/../../../../lib/Scrt1.o
                0x0000000000002030                std::allocator<char>::~allocator()@@GLIBCXX_3.4
                0x0000000000002040                __cxa_begin_catch@@CXXABI_1.3
                0x0000000000002050                std::__cxx11::basic_string<char, std::char_traits<char>, std::allocator<char> >::basic_string(std::__cxx11::basic_string<char, std::char_traits<char>, std::allocator<char> > const&)@@GLIBCXX_3.4.21
                0x0000000000002060                strlen@@GLIBC_2.2.5
                0x0000000000002070                std::__cxx11::basic_string<char, std::char_traits<char>, std::allocator<char> >::basic_string(std::__cxx11::basic_string<char, std::char_traits<char>, std::allocator<char> >&&)@@GLIBCXX_3.4.21
                0x0000000000002080                std::__cxx11::basic_string<char, std::char_traits<char>, std::allocator<char> >::~basic_string()@@GLIBCXX_3.4.21
                0x0000000000002090                std::__cxx11::basic_string<char, std::char_traits<char>, std::allocator<char> >::_M_set_length(unsigned long)@@GLIBCXX_3.4.21
                0x00000000000020a0                std::__throw_logic_error(char const*)@@GLIBCXX_3.4
                0x00000000000020b0                std::__cxx11::basic_string<char, std::char_traits<char>, std::allocator<char> >::_M_local_data()@@GLIBCXX_3.4.21
                0x00000000000020c0                std::__cxx11::basic_string<char, std::char_traits<char>, std::allocator<char> >::_M_data(char*)@@GLIBCXX_3.4.21
                0x00000000000020d0                __cxa_atexit@@GLIBC_2.2.5
                0x00000000000020e0                std::basic_ostream<char, std::char_traits<char> >& std::operator<< <char, std::char_traits<char>, std::allocator<char> >(std::basic_ostream<char, std::char_traits<char> >&, std::__cxx11::basic_string<char, std::char_traits<char>, std::allocator<char> > const&)@@GLIBCXX_3.4.21
                0x00000000000020f0                std::basic_ostream<char, std::char_traits<char> >& std::operator<< <std::char_traits<char> >(std::basic_ostream<char, std::char_traits<char> >&, char const*)@@GLIBCXX_3.4
                0x0000000000002100                std::ostream::operator<<(std::ostream& (*)(std::ostream&))@@GLIBCXX_3.4
                0x0000000000002110                std::__cxx11::basic_string<char, std::char_traits<char>, std::allocator<char> >::_Alloc_hider::_Alloc_hider(char*, std::allocator<char> const&)@@GLIBCXX_3.4.21
                0x0000000000002120                std::allocator<char>::~allocator()@@GLIBCXX_3.4
                0x0000000000002130                std::__cxx11::basic_string<char, std::char_traits<char>, std::allocator<char> >::_M_data() const@@GLIBCXX_3.4.21
                0x0000000000002140                std::__cxx11::basic_string<char, std::char_traits<char>, std::allocator<char> >::_S_copy_chars(char*, char const*, char const*)@@GLIBCXX_3.4.21
                0x0000000000002150                __stack_chk_fail@@GLIBC_2.4
                0x0000000000002160                std::__cxx11::basic_string<char, std::char_traits<char>, std::allocator<char> >::_M_dispose()@@GLIBCXX_3.4.21
                0x0000000000002170                __cxa_rethrow@@CXXABI_1.3
                0x0000000000002180                std::__cxx11::basic_string<char, std::char_traits<char>, std::allocator<char> >::length() const@@GLIBCXX_3.4.21
                0x0000000000002190                std::ios_base::Init::Init()@@GLIBCXX_3.4
                0x00000000000021a0                __cxa_end_catch@@CXXABI_1.3
                0x00000000000021b0                _Unwind_Resume@@GCC_3.0
                0x00000000000021c0                std::allocator<char>::allocator()@@GLIBCXX_3.4
                0x00000000000021d0                std::__cxx11::basic_string<char, std::char_traits<char>, std::allocator<char> >::_M_create(unsigned long&, unsigned long)@@GLIBCXX_3.4.21
                0x00000000000021e0                std::__cxx11::basic_string<char, std::char_traits<char>, std::allocator<char> >::_M_capacity(unsigned long)@@GLIBCXX_3.4.21
                0x00000000000021f0                std::__cxx11::basic_string<char, std::char_traits<char>, std::allocator<char> >::operator[](unsigned long)@@GLIBCXX_3.4.21
 *(.iplt)

.plt.got        0x0000000000002200        0x0
 *(.plt.got)
 .plt.got       0x0000000000002200        0x0 /usr/lib/gcc/x86_64-pc-linux-gnu/11.1.0/../../../../lib/Scrt1.o

.plt.sec
 *(.plt.sec)

.text           0x0000000000002200      0x825
 *(.text.unlikely .text.*_unlikely .text.unlikely.*)
 *(.text.exit .text.exit.*)
 *(.text.startup .text.startup.*)
 *(.text.hot .text.hot.*)
 *(SORT_BY_NAME(.text.sorted.*))
 *(.text .stub .text.* .gnu.linkonce.t.*)
 .text          0x0000000000002200       0x2f /usr/lib/gcc/x86_64-pc-linux-gnu/11.1.0/../../../../lib/Scrt1.o
                0x0000000000002200                _start
 .text          0x000000000000222f        0x0 /usr/lib/gcc/x86_64-pc-linux-gnu/11.1.0/../../../../lib/crti.o
 *fill*         0x000000000000222f        0x1 
 .text          0x0000000000002230       0xc9 /usr/lib/gcc/x86_64-pc-linux-gnu/11.1.0/crtbeginS.o
 .text          0x00000000000022f9      0x1c0 obj/test.o
                0x00000000000022f9                main
 .text._ZNSt11char_traitsIcE6lengthEPKc
                0x00000000000024b9       0x3a obj/test.o
                0x00000000000024b9                std::char_traits<char>::length(char const*)
 .text._ZN9__gnu_cxx11char_traitsIcE2eqERKcS3_
                0x00000000000024f3       0x21 obj/test.o
                0x00000000000024f3                __gnu_cxx::char_traits<char>::eq(char const&, char const&)
 .text._ZN9__gnu_cxx11char_traitsIcE6lengthEPKc
                0x0000000000002514       0x69 obj/test.o
                0x0000000000002514                __gnu_cxx::char_traits<char>::length(char const*)
 *fill*         0x000000000000257d        0x1 
 .text._ZNSt7__cxx1112basic_stringIcSt11char_traitsIcESaIcEE12_Alloc_hiderD2Ev
                0x000000000000257e       0x1b obj/test.o
                0x000000000000257e                std::__cxx11::basic_string<char, std::char_traits<char>, std::allocator<char> >::_Alloc_hider::~_Alloc_hider()
                0x000000000000257e                std::__cxx11::basic_string<char, std::char_traits<char>, std::allocator<char> >::_Alloc_hider::~_Alloc_hider()
 *fill*         0x0000000000002599        0x1 
 .text._ZNSt7__cxx1112basic_stringIcSt11char_traitsIcESaIcEEC2IS3_EEPKcRKS3_
                0x000000000000259a       0x93 obj/test.o
                0x000000000000259a                std::__cxx11::basic_string<char, std::char_traits<char>, std::allocator<char> >::basic_string<std::allocator<char> >(char const*, std::allocator<char> const&)
                0x000000000000259a                std::__cxx11::basic_string<char, std::char_traits<char>, std::allocator<char> >::basic_string<std::allocator<char> >(char const*, std::allocator<char> const&)
 *fill*         0x000000000000262d        0x1 
 .text._ZNSt7__cxx1112basic_stringIcSt11char_traitsIcESaIcEE12_M_constructIPKcEEvT_S8_
                0x000000000000262e       0x2e obj/test.o
                0x000000000000262e                void std::__cxx11::basic_string<char, std::char_traits<char>, std::allocator<char> >::_M_construct<char const*>(char const*, char const*)
 .text._ZNSt7__cxx1112basic_stringIcSt11char_traitsIcESaIcEE16_M_construct_auxIPKcEEvT_S8_St12__false_type
                0x000000000000265c       0x51 obj/test.o
                0x000000000000265c                void std::__cxx11::basic_string<char, std::char_traits<char>, std::allocator<char> >::_M_construct_aux<char const*>(char const*, char const*, std::__false_type)
 .text._ZSt8distanceIPKcENSt15iterator_traitsIT_E15difference_typeES3_S3_
                0x00000000000026ad       0x31 obj/test.o
                0x00000000000026ad                std::iterator_traits<char const*>::difference_type std::distance<char const*>(char const*, char const*)
 .text._ZNSt7__cxx1112basic_stringIcSt11char_traitsIcESaIcEE12_M_constructIPKcEEvT_S8_St20forward_iterator_tag
                0x00000000000026de      0x139 obj/test.o
                0x00000000000026de                void std::__cxx11::basic_string<char, std::char_traits<char>, std::allocator<char> >::_M_construct<char const*>(char const*, char const*, std::forward_iterator_tag)
 .text._ZN9__gnu_cxx17__is_null_pointerIKcEEbPT_
                0x0000000000002817       0x12 obj/test.o
                0x0000000000002817                bool __gnu_cxx::__is_null_pointer<char const>(char const*)
 .text._ZSt19__iterator_categoryIPKcENSt15iterator_traitsIT_E17iterator_categoryERKS3_
                0x0000000000002829        0xa obj/test.o
                0x0000000000002829                std::iterator_traits<char const*>::iterator_category std::__iterator_category<char const*>(char const* const&)
 .text._ZSt10__distanceIPKcENSt15iterator_traitsIT_E15difference_typeES3_S3_St26random_access_iterator_tag
                0x0000000000002833       0x16 obj/test.o
                0x0000000000002833                std::iterator_traits<char const*>::difference_type std::__distance<char const*>(char const*, char const*, std::random_access_iterator_tag)
 .text          0x0000000000002849      0x163 obj/stringSwap.o
                0x0000000000002849                strSwap(std::__cxx11::basic_string<char, std::char_traits<char>, std::allocator<char> >)
 *fill*         0x00000000000029ac        0x4 
 .text          0x00000000000029b0       0x75 /usr/lib/libc_nonshared.a(elf-init.oS)
                0x00000000000029b0                __libc_csu_init
                0x0000000000002a20                __libc_csu_fini
 .text          0x0000000000002a25        0x0 /usr/lib/gcc/x86_64-pc-linux-gnu/11.1.0/crtendS.o
 .text          0x0000000000002a25        0x0 /usr/lib/gcc/x86_64-pc-linux-gnu/11.1.0/../../../../lib/crtn.o
 *(.gnu.warning)

.fini           0x0000000000002a28        0xd
 *(SORT_NONE(.fini))
 .fini          0x0000000000002a28        0x8 /usr/lib/gcc/x86_64-pc-linux-gnu/11.1.0/../../../../lib/crti.o
                0x0000000000002a28                _fini
 .fini          0x0000000000002a30        0x5 /usr/lib/gcc/x86_64-pc-linux-gnu/11.1.0/../../../../lib/crtn.o
                [!provide]                        PROVIDE (__etext = .)
                [!provide]                        PROVIDE (_etext = .)
                [!provide]                        PROVIDE (etext = .)
                0x0000000000003000                . = ALIGN (CONSTANT (MAXPAGESIZE))
                0x0000000000003000                . = SEGMENT_START ("rodata-segment", (ALIGN (CONSTANT (MAXPAGESIZE)) + (. & (CONSTANT (MAXPAGESIZE) - 0x1))))

.rodata         0x0000000000003000       0x52
 *(.rodata .rodata.* .gnu.linkonce.r.*)
 .rodata.cst4   0x0000000000003000        0x4 /usr/lib/gcc/x86_64-pc-linux-gnu/11.1.0/../../../../lib/Scrt1.o
                0x0000000000003000                _IO_stdin_used
 *fill*         0x0000000000003004        0x4 
 .rodata        0x0000000000003008       0x4a obj/test.o

.rodata1
 *(.rodata1)

.eh_frame_hdr   0x0000000000003054       0xbc
 *(.eh_frame_hdr)
 .eh_frame_hdr  0x0000000000003054       0xbc /usr/lib/gcc/x86_64-pc-linux-gnu/11.1.0/../../../../lib/Scrt1.o
                0x0000000000003054                __GNU_EH_FRAME_HDR
 *(.eh_frame_entry .eh_frame_entry.*)

.eh_frame       0x0000000000003110      0x338
 *(.eh_frame)
 .eh_frame      0x0000000000003110       0x30 /usr/lib/gcc/x86_64-pc-linux-gnu/11.1.0/../../../../lib/Scrt1.o
                                         0x2c (size before relaxing)
 *fill*         0x0000000000003140        0x0 
 .eh_frame      0x0000000000003140       0x28 /usr/lib/gcc/x86_64-pc-linux-gnu/11.1.0/../../../../lib/Scrt1.o
                                         0x40 (size before relaxing)
 .eh_frame      0x0000000000003168        0x0 /usr/lib/gcc/x86_64-pc-linux-gnu/11.1.0/../../../../lib/Scrt1.o
 .eh_frame      0x0000000000003168      0x218 obj/test.o
                                        0x230 (size before relaxing)
 .eh_frame      0x0000000000003380       0x68 obj/stringSwap.o
                                         0x80 (size before relaxing)
 .eh_frame      0x00000000000033e8       0x5c /usr/lib/libc_nonshared.a(elf-init.oS)
                                         0x78 (size before relaxing)
 .eh_frame      0x0000000000003444        0x4 /usr/lib/gcc/x86_64-pc-linux-gnu/11.1.0/crtendS.o
 *(.eh_frame.*)

.gcc_except_table
                0x0000000000003448       0x58
 *(.gcc_except_table .gcc_except_table.*)
 .gcc_except_table
                0x0000000000003448       0x58 obj/test.o

.gnu_extab
 *(.gnu_extab*)

.exception_ranges
 *(.exception_ranges*)
                0x0000000000004d98                . = DATA_SEGMENT_ALIGN (CONSTANT (MAXPAGESIZE), CONSTANT (COMMONPAGESIZE))

.eh_frame
 *(.eh_frame)
 *(.eh_frame.*)

.gnu_extab
 *(.gnu_extab)

.gcc_except_table
 *(.gcc_except_table .gcc_except_table.*)

.exception_ranges
 *(.exception_ranges*)

.tdata          0x0000000000004d98        0x0
                [!provide]                        PROVIDE (__tdata_start = .)
 *(.tdata .tdata.* .gnu.linkonce.td.*)

.tbss
 *(.tbss .tbss.* .gnu.linkonce.tb.*)
 *(.tcommon)

.preinit_array  0x0000000000004d98        0x0
                [!provide]                        PROVIDE (__preinit_array_start = .)
 *(.preinit_array)
                [!provide]                        PROVIDE (__preinit_array_end = .)

.init_array     0x0000000000004d98       0x18
                0x0000000000004d98                PROVIDE (__init_array_start = .)
 *(SORT_BY_INIT_PRIORITY(.init_array.*) SORT_BY_INIT_PRIORITY(.ctors.*))
 *(.init_array EXCLUDE_FILE(*crtend?.o *crtend.o *crtbegin?.o *crtbegin.o) .ctors)
 .init_array    0x0000000000004d98        0x8 /usr/lib/gcc/x86_64-pc-linux-gnu/11.1.0/crtbeginS.o
 .init_array    0x0000000000004da0        0x8 obj/test.o
 .init_array    0x0000000000004da8        0x8 obj/stringSwap.o
                0x0000000000004db0                PROVIDE (__init_array_end = .)

.fini_array     0x0000000000004db0        0x8
                [!provide]                        PROVIDE (__fini_array_start = .)
 *(SORT_BY_INIT_PRIORITY(.fini_array.*) SORT_BY_INIT_PRIORITY(.dtors.*))
 *(.fini_array EXCLUDE_FILE(*crtend?.o *crtend.o *crtbegin?.o *crtbegin.o) .dtors)
 .fini_array    0x0000000000004db0        0x8 /usr/lib/gcc/x86_64-pc-linux-gnu/11.1.0/crtbeginS.o
                [!provide]                        PROVIDE (__fini_array_end = .)

.ctors
 *crtbegin.o(.ctors)
 *crtbegin?.o(.ctors)
 *(EXCLUDE_FILE(*crtend?.o *crtend.o) .ctors)
 *(SORT_BY_NAME(.ctors.*))
 *(.ctors)

.dtors
 *crtbegin.o(.dtors)
 *crtbegin?.o(.dtors)
 *(EXCLUDE_FILE(*crtend?.o *crtend.o) .dtors)
 *(SORT_BY_NAME(.dtors.*))
 *(.dtors)

.jcr
 *(.jcr)

.data.rel.ro    0x0000000000004db8        0x0
 *(.data.rel.ro.local* .gnu.linkonce.d.rel.ro.local.*)
 *(.data.rel.ro .data.rel.ro.* .gnu.linkonce.d.rel.ro.*)
 .data.rel.ro   0x0000000000004db8        0x0 /usr/lib/gcc/x86_64-pc-linux-gnu/11.1.0/../../../../lib/Scrt1.o

.dynamic        0x0000000000004db8      0x210
 *(.dynamic)
 .dynamic       0x0000000000004db8      0x210 /usr/lib/gcc/x86_64-pc-linux-gnu/11.1.0/../../../../lib/Scrt1.o
                0x0000000000004db8                _DYNAMIC

.got            0x0000000000004fc8       0x38
 *(.got)
 .got           0x0000000000004fc8       0x38 /usr/lib/gcc/x86_64-pc-linux-gnu/11.1.0/../../../../lib/Scrt1.o
 *(.igot)
                0x0000000000005fe8                . = DATA_SEGMENT_RELRO_END (., (SIZEOF (.got.plt) >= 0x18)?0x18:0x0)

.got.plt        0x0000000000005000      0x100
 *(.got.plt)
 .got.plt       0x0000000000005000      0x100 /usr/lib/gcc/x86_64-pc-linux-gnu/11.1.0/../../../../lib/Scrt1.o
                0x0000000000005000                _GLOBAL_OFFSET_TABLE_
 *(.igot.plt)

.data           0x0000000000005100       0x18
 *(.data .data.* .gnu.linkonce.d.*)
 .data          0x0000000000005100        0x4 /usr/lib/gcc/x86_64-pc-linux-gnu/11.1.0/../../../../lib/Scrt1.o
                0x0000000000005100                data_start
                0x0000000000005100                __data_start
 .data          0x0000000000005104        0x0 /usr/lib/gcc/x86_64-pc-linux-gnu/11.1.0/../../../../lib/crti.o
 .data          0x0000000000005104        0x0 /usr/lib/gcc/x86_64-pc-linux-gnu/11.1.0/crtbeginS.o
 *fill*         0x0000000000005104        0x4 
 .data.rel.local
                0x0000000000005108        0x8 /usr/lib/gcc/x86_64-pc-linux-gnu/11.1.0/crtbeginS.o
                0x0000000000005108                __dso_handle
 .data          0x0000000000005110        0x0 obj/test.o
 .data.rel.local.DW.ref.__gxx_personality_v0
                0x0000000000005110        0x8 obj/test.o
                0x0000000000005110                DW.ref.__gxx_personality_v0
 .data          0x0000000000005118        0x0 obj/stringSwap.o
 .data          0x0000000000005118        0x0 /usr/lib/libc_nonshared.a(elf-init.oS)
 .data          0x0000000000005118        0x0 /usr/lib/gcc/x86_64-pc-linux-gnu/11.1.0/crtendS.o
 .data          0x0000000000005118        0x0 /usr/lib/gcc/x86_64-pc-linux-gnu/11.1.0/../../../../lib/crtn.o

.tm_clone_table
                0x0000000000005118        0x0
 .tm_clone_table
                0x0000000000005118        0x0 /usr/lib/gcc/x86_64-pc-linux-gnu/11.1.0/crtbeginS.o
 .tm_clone_table
                0x0000000000005118        0x0 /usr/lib/gcc/x86_64-pc-linux-gnu/11.1.0/crtendS.o

.data1
 *(.data1)
                0x0000000000005118                _edata = .
                [!provide]                        PROVIDE (edata = .)
                0x0000000000005118                . = .
                0x0000000000005118                __bss_start = .

.bss            0x0000000000005140      0x118
 *(.dynbss)
 *fill*         0x0000000000005140        0x0 
 .dynbss        0x0000000000005140      0x110 /usr/lib/gcc/x86_64-pc-linux-gnu/11.1.0/../../../../lib/Scrt1.o
                0x0000000000005140                std::cout@@GLIBCXX_3.4
 *(.bss .bss.* .gnu.linkonce.b.*)
 .bss           0x0000000000005250        0x0 /usr/lib/gcc/x86_64-pc-linux-gnu/11.1.0/../../../../lib/Scrt1.o
 .bss           0x0000000000005250        0x0 /usr/lib/gcc/x86_64-pc-linux-gnu/11.1.0/../../../../lib/crti.o
 .bss           0x0000000000005250        0x1 /usr/lib/gcc/x86_64-pc-linux-gnu/11.1.0/crtbeginS.o
 .bss           0x0000000000005251        0x1 obj/test.o
 .bss           0x0000000000005252        0x1 obj/stringSwap.o
 .bss           0x0000000000005253        0x0 /usr/lib/libc_nonshared.a(elf-init.oS)
 .bss           0x0000000000005253        0x0 /usr/lib/gcc/x86_64-pc-linux-gnu/11.1.0/crtendS.o
 .bss           0x0000000000005253        0x0 /usr/lib/gcc/x86_64-pc-linux-gnu/11.1.0/../../../../lib/crtn.o
 *(COMMON)
                0x0000000000005258                . = ALIGN ((. != 0x0)?0x8:0x1)
 *fill*         0x0000000000005253        0x5 

.lbss
 *(.dynlbss)
 *(.lbss .lbss.* .gnu.linkonce.lb.*)
 *(LARGE_COMMON)
                0x0000000000005258                . = ALIGN (0x8)
                0x0000000000005258                . = SEGMENT_START ("ldata-segment", .)

.lrodata
 *(.lrodata .lrodata.* .gnu.linkonce.lr.*)

.ldata          0x0000000000007258        0x0
 *(.ldata .ldata.* .gnu.linkonce.l.*)
                0x0000000000007258                . = ALIGN ((. != 0x0)?0x8:0x1)
                0x0000000000007258                . = ALIGN (0x8)
                0x0000000000005258                _end = .
                [!provide]                        PROVIDE (end = .)
                0x0000000000007258                . = DATA_SEGMENT_END (.)

.stab
 *(.stab)

.stabstr
 *(.stabstr)

.stab.excl
 *(.stab.excl)

.stab.exclstr
 *(.stab.exclstr)

.stab.index
 *(.stab.index)

.stab.indexstr
 *(.stab.indexstr)

.comment        0x0000000000000000       0x12
 *(.comment)
 .comment       0x0000000000000000       0x12 /usr/lib/gcc/x86_64-pc-linux-gnu/11.1.0/../../../../lib/Scrt1.o
                                         0x26 (size before relaxing)
 .comment       0x0000000000000012       0x13 /usr/lib/gcc/x86_64-pc-linux-gnu/11.1.0/crtbeginS.o
 .comment       0x0000000000000012       0x13 obj/test.o
 .comment       0x0000000000000012       0x13 obj/stringSwap.o
 .comment       0x0000000000000012       0x13 /usr/lib/libc_nonshared.a(elf-init.oS)
 .comment       0x0000000000000012       0x13 /usr/lib/gcc/x86_64-pc-linux-gnu/11.1.0/crtendS.o

.gnu.build.attributes
 *(.gnu.build.attributes .gnu.build.attributes.*)

.debug
 *(.debug)

.line
 *(.line)

.debug_srcinfo
 *(.debug_srcinfo)

.debug_sfnames
 *(.debug_sfnames)

.debug_aranges  0x0000000000000000      0x120
 *(.debug_aranges)
 .debug_aranges
                0x0000000000000000       0xf0 obj/test.o
 .debug_aranges
                0x00000000000000f0       0x30 obj/stringSwap.o

.debug_pubnames
 *(.debug_pubnames)

.debug_info     0x0000000000000000     0xb44d
 *(.debug_info .gnu.linkonce.wi.*)
 .debug_info    0x0000000000000000     0x6140 obj/test.o
 .debug_info    0x0000000000006140     0x530d obj/stringSwap.o

.debug_abbrev   0x0000000000000000     0x10ea
 *(.debug_abbrev)
 .debug_abbrev  0x0000000000000000      0x92d obj/test.o
 .debug_abbrev  0x000000000000092d      0x7bd obj/stringSwap.o

.debug_line     0x0000000000000000      0x5a5
 *(.debug_line .debug_line.* .debug_line_end)
 .debug_line    0x0000000000000000      0x3ee obj/test.o
 .debug_line    0x00000000000003ee      0x1b7 obj/stringSwap.o

.debug_frame
 *(.debug_frame)

.debug_str      0x0000000000000000     0x751f
 *(.debug_str)
 .debug_str     0x0000000000000000     0x744a obj/test.o
                                       0x78e1 (size before relaxing)
 .debug_str     0x000000000000744a       0xd5 obj/stringSwap.o
                                       0x6b4d (size before relaxing)

.debug_loc
 *(.debug_loc)

.debug_macinfo
 *(.debug_macinfo)

.debug_weaknames
 *(.debug_weaknames)

.debug_funcnames
 *(.debug_funcnames)

.debug_typenames
 *(.debug_typenames)

.debug_varnames
 *(.debug_varnames)

.debug_pubtypes
 *(.debug_pubtypes)

.debug_ranges
 *(.debug_ranges)

.debug_addr
 *(.debug_addr)

.debug_line_str
                0x0000000000000000      0x3a1
 *(.debug_line_str)
 .debug_line_str
                0x0000000000000000      0x38e obj/test.o
                                        0x430 (size before relaxing)
 .debug_line_str
                0x000000000000038e       0x13 obj/stringSwap.o
                                        0x3c4 (size before relaxing)

.debug_loclists
 *(.debug_loclists)

.debug_macro
 *(.debug_macro)

.debug_names
 *(.debug_names)

.debug_rnglists
                0x0000000000000000       0x92
 *(.debug_rnglists)
 .debug_rnglists
                0x0000000000000000       0x92 obj/test.o

.debug_str_offsets
 *(.debug_str_offsets)

.debug_sup
 *(.debug_sup)

.gnu.attributes
 *(.gnu.attributes)

/DISCARD/
 *(.note.GNU-stack)
 *(.gnu_debuglink)
 *(.gnu.lto_*)
OUTPUT(test.out elf64-x86-64)
